[lmpixels.com/wp/aveo/index.html]
[lmpixels.com/wp/aveo/xmlrpc.php]
[backblue.gif]
[fade.gif]
[index.html]
[lmpixels.com/wp/aveo/wp-content/mmr/5410c533-1627553432.min.css]
[lmpixels.com/wp/aveo/wp-content/themes/aveo/css/customization.css.css]
[lmpixels.com/wp/aveo/wp-content/mmr/ffe41cab-1627553433.min.js]
[lmpixels.com/wp/aveo/comments/feed/index.html]
[lmpixels.com/wp/aveo/feed/index.html]
[lmpixels.com/wp/aveo/wp-json/wp/v2/pages/5.json]
[lmpixels.com/wp/aveo/wp-json/index.html]
[lmpixels.com/wp/aveo/xmlrpc0db0.php]
[lmpixels.com/wp/aveo/wp-includes/wlwmanifest.xml]
[lmpixels.com/wp/aveo/wp-json/oembed/1.0/embed898b.json]
[lmpixels.com/wp/aveo/wp-json/oembed/1.0/embed5c72]
[lmpixels.com/wp/aveo/wp-content/uploads/2017/09/main_bg.png]
[lmpixels.com/cdn-cgi/challenge-platform/h/g/scripts/invisible.js]
[lmpixels.com/wp/aveo/wp-content/uploads/2017/09/photo.png]
[lmpixels.com/wp/aveo/wp-content/uploads/2017/09/web_design_icon.png]
[lmpixels.com/wp/aveo/wp-content/uploads/2017/09/photography_icon.png]
[lmpixels.com/wp/aveo/wp-content/uploads/2017/09/creativity_icon.png]
[lmpixels.com/wp/aveo/wp-content/uploads/2017/09/advetising_icon.png]
[lmpixels.com/wp/aveo/wp-content/uploads/2017/10/client_1-80x80.png]
[lmpixels.com/wp/aveo/wp-content/uploads/2017/10/client_2-80x80.png]
[lmpixels.com/wp/aveo/wp-content/uploads/2017/10/client_3-80x80.png]
[lmpixels.com/wp/aveo/wp-content/uploads/2017/10/client_4-80x80.png]
[lmpixels.com/wp/aveo/wp-content/uploads/2017/10/client_5-80x80.png]
[lmpixels.com/wp/aveo/wp-content/uploads/2017/10/client_6-80x80.png]
[lmpixels.com/wp/aveo/wp-content/uploads/2017/10/testimonial_photo_1.jpg]
[lmpixels.com/wp/aveo/wp-content/uploads/2017/10/testimonial_photo_2.jpg]
[lmpixels.com/wp/aveo/wp-content/uploads/2017/10/testimonial_photo_3.jpg]
[lmpixels.com/wp/aveo/wp-content/uploads/2017/10/1.jpg]
[lmpixels.com/wp/aveo/wp-content/uploads/2017/10/2.jpg]
[lmpixels.com/wp/aveo/wp-content/uploads/2017/10/3.jpg]
[lmpixels.com/wp/aveo/wp-content/uploads/2017/10/4.jpg]
[lmpixels.com/wp/aveo/wp-content/uploads/2017/10/5.jpg]
[lmpixels.com/wp/aveo/wp-content/uploads/2017/10/6.jpg]
[lmpixels.com/wp/aveo/wp-content/uploads/2017/10/blog_post_1_full.jpg]
[lmpixels.com/wp/aveo/wp-content/uploads/2017/10/blog_post_2_full.jpg]
[lmpixels.com/wp/aveo/project/portfolio-project-4/index.html]
[lmpixels.com/wp/aveo/wp-content/uploads/2017/10/blog_post_3_full.jpg]
[lmpixels.com/wp/aveo/wp-content/uploads/2017/10/blog_post_4_full.jpg]
[lmpixels.com/wp/aveo/wp-content/uploads/2017/10/blog_post_5_full.jpg]
[lmpixels.com/wp/aveo/wp-content/uploads/2017/10/blog_post_6_full.jpg]
[lmpixels.com/wp/aveo/project/portfolio-project-3/index.html]
[lmpixels.com/wp/aveo/wp-content/uploads/2017/10/blog_post_7_full.jpg]
[lmpixels.com/wp/aveo/wp-content/uploads/2017/10/blog_post_8_full.jpg]
[lmpixels.com/wp/aveo/bootstrap-is-the-most-popular-html-css-and-js-framework/index.html]
[lmpixels.com/wp/aveo/project/portfolio-project-2/index.html]
[lmpixels.com/wp/aveo/wp-content/uploads/2017/10/client_3.png]
[lmpixels.com/cdn-cgi/scripts/5c5dd728/cloudflare-static/email-decode.min.js]
[lmpixels.com/wp/aveo/category/frameworks/index.html]
[lmpixels.com/wp/aveo/one-framework-every-device/index.html]
[www.google-analytics.com/analytics.js]
[lmpixels.com/wp/aveo/designed-for-everyone-everywhere/index.html]
[lmpixels.com/wp/aveo/wp-content/mmr/5dfa812a-1608545695.min.css]
[lmpixels.com/wp/aveo/category/ui-design/index.html]
[lmpixels.com/wp/aveo/wp-content/mmr/d10042cb-1598228061.min.js]
[www.google.com/recaptcha/api.js]
[lmpixels.com/wp/aveo/wp-content/mmr/254c780f-1612421363.min.js]
[lmpixels.com/wp/aveo/an-introduction-to-postcss/index.html]
[lmpixels.com/wp/aveo/wp-content/mmr/0225725f-1627553432.min.js]
[lmpixels.com/wp/aveo/index.html]
[static.cloudflareinsights.com/beacon.min.js]
[lmpixels.com/wp/aveo/category/css/index.html]
[lmpixels.com/wp/aveo/original-and-innovative-web-layouts/index.html]
[lmpixels.com/wp/aveo/xmlrpc.php]
[lmpixels.com/wp/aveo/creative-and-innovative-navigation-designs/index.html]
[lmpixels.com/wp/aveo/navigation-for-mega-sites/index.html]
[lmpixels.com/wp/aveo/front-end-challenge-accepted-css-3d-cube/index.html]
[lmpixels.com/wp/aveo/blog/index.html]
[lmpixels.com/wp/aveo/wp-content/plugins/unyson/framework/static/libs/font-awesome/fonts/fontawesome-webfont3e6e.eot]
[lmpixels.com/wp/aveo/wp-content/plugins/unyson/framework/static/libs/font-awesome/fonts/fontawesome-webfontd41d.eot]
[lmpixels.com/wp/aveo/wp-content/plugins/unyson/framework/static/libs/font-awesome/fonts/fontawesome-webfont3e6e.woff2]
[lmpixels.com/wp/aveo/wp-content/plugins/unyson/framework/static/libs/font-awesome/fonts/fontawesome-webfont3e6e.woff]
[lmpixels.com/wp/aveo/wp-content/plugins/unyson/framework/static/libs/font-awesome/fonts/fontawesome-webfont3e6e.ttf]
[lmpixels.com/wp/aveo/wp-content/plugins/unyson/framework/static/libs/font-awesome/fonts/fontawesome-webfont3e6e.svg]
[lmpixels.com/wp/aveo/wp-content/themes/aveo/css/material-design-iconic-font/fonts/Material-Design-Iconic-Fontd1f1.woff2]
[lmpixels.com/wp/aveo/wp-content/themes/aveo/css/material-design-iconic-font/fonts/Material-Design-Iconic-Fontd1f1.woff]
[lmpixels.com/wp/aveo/wp-content/themes/aveo/css/material-design-iconic-font/fonts/Material-Design-Iconic-Fontd1f1.ttf]
[lmpixels.com/wp/aveo/wp-content/mmr/5410c533-1627553432.min.css]
[lmpixels.com/wp/aveo/wp-includes/fonts/dashicons7d4b.eot]
[lmpixels.com/wp/aveo/wp-content/uploads/2017/09/sp_main_bg.png]
[lmpixels.com/wp/aveo/wp-content/themes/aveo/css/customization.css.css]
[lmpixels.com/wp/aveo/indexdda8.html]
[lmpixels.com/wp/aveo/wp-content/mmr/7ebc2116-1608545695.min.css]
[lmpixels.com/wp/aveo/wp-content/mmr/99282749-1627553433.min.js]
[lmpixels.com/wp/aveo/wp-json/wp/v2/fw-portfolio/77.json]
[lmpixels.com/wp/aveo/wp-json/oembed/1.0/embeda8f5.json]
[lmpixels.com/wp/aveo/wp-json/oembed/1.0/embed0fd0]
[lmpixels.com/wp/aveo/project/illustration-project-3/index.html]
[lmpixels.com/wp/aveo/wp-content/uploads/2017/10/12.jpg]
[lmpixels.com/wp/aveo/wp-content/uploads/2017/10/10.jpg]
[lmpixels.com/wp/aveo/wp-content/uploads/2017/10/9.jpg]
[lmpixels.com/wp/aveo/wp-content/uploads/2017/10/11.jpg]
[lmpixels.com/wp/aveo/project/portfolio-project-4/index.html]
[lmpixels.com/wp/aveo/wp-content/mmr/77144a87-1612421363.min.js]
[lmpixels.com/wp/aveo/wp-json/wp/v2/fw-portfolio/75.json]
[lmpixels.com/wp/aveo/wp-json/oembed/1.0/embed51a8.json]
[lmpixels.com/wp/aveo/project/portfolio-project-3/index.html]
[lmpixels.com/wp/aveo/wp-json/oembed/1.0/embed4cfe]
[lmpixels.com/wp/aveo/wp-json/wp/v2/fw-portfolio/73.json]
[lmpixels.com/wp/aveo/project/video-project-2/index.html]
[lmpixels.com/wp/aveo/wp-json/oembed/1.0/embed3a03.json]
[lmpixels.com/wp/aveo/project/portfolio-project-2/index.html]
[lmpixels.com/wp/aveo/wp-json/oembed/1.0/embeda7c6]
[lmpixels.com/wp/aveo/project/illustration-project-2/index.html]
[lmpixels.com/wp/aveo/wp-content/mmr/c1cb2c95-1627553433.min.js]
[lmpixels.com/wp/aveo/wp-json/wp/v2/posts/103.json]
[lmpixels.com/wp/aveo/bootstrap-is-the-most-popular-html-css-and-js-framework/feed/index.html]
[lmpixels.com/wp/aveo/wp-json/oembed/1.0/embedb237.json]
[lmpixels.com/wp/aveo/wp-json/oembed/1.0/embed1b7a]
[lmpixels.com/wp/aveo/bootstrap-is-the-most-popular-html-css-and-js-framework/index.html]
[lmpixels.com/wp/aveo/wp-login.html]
[lmpixels.com/wp/aveo/tag/css3/index.html]
[lmpixels.com/wp/aveo/author/pro-card/index.html]
[lmpixels.com/wp/aveo/tag/framework/index.html]
[lmpixels.com/wp/aveo/tag/html5/index.html]
[lmpixels.com/wp/aveo/category/frameworks/index.html]
[lmpixels.com/wp/aveo/wp-json/wp/v2/categories/18.json]
[lmpixels.com/wp/aveo/2017/09/index.html]
[lmpixels.com/wp/aveo/2017/08/index.html]
[lmpixels.com/wp/aveo/tag/jquery/index.html]
[lmpixels.com/wp/aveo/2017/07/index.html]
[lmpixels.com/wp/aveo/2017/06/index.html]
[lmpixels.com/wp/aveo/wp-json/wp/v2/posts/100.json]
[lmpixels.com/wp/aveo/2017/05/index.html]
[lmpixels.com/wp/aveo/2017/04/index.html]
[lmpixels.com/wp/aveo/2017/03/index.html]
[lmpixels.com/wp/aveo/wp-json/oembed/1.0/embed35e3.json]
[lmpixels.com/wp/aveo/category/frameworks/feed/index.html]
[lmpixels.com/wp/aveo/one-framework-every-device/feed/index.html]
[lmpixels.com/wp/aveo/wp-json/oembed/1.0/embed22ce]
[lmpixels.com/wp/aveo/one-framework-every-device/index.html]
[lmpixels.com/cdn-cgi/bm/cv/669835187/api.js]
[lmpixels.com/wp/aveo/wp-json/wp/v2/posts/94.json]
[lmpixels.com/wp/aveo/tag/php5/index.html]
[lmpixels.com/wp/aveo/tag/php7/index.html]
[lmpixels.com/wp/aveo/wp-json/oembed/1.0/embeda6ef.json]
[lmpixels.com/wp/aveo/designed-for-everyone-everywhere/feed/index.html]
[lmpixels.com/wp/aveo/designed-for-everyone-everywhere/index.html]
[lmpixels.com/wp/aveo/wp-json/oembed/1.0/embedf83e]
[lmpixels.com/wp/aveo/wp-json/wp/v2/categories/6.json]
[lmpixels.com/wp/aveo/category/ui-design/index.html]
[lmpixels.com/wp/aveo/tag/design/index.html]
[lmpixels.com/wp/aveo/tag/ui/index.html]
[lmpixels.com/wp/aveo/tag/ux/index.html]
[lmpixels.com/wp/aveo/category/ui-design/feed/index.html]
[lmpixels.com/wp/aveo/wp-json/wp/v2/posts/88.json]
[lmpixels.com/wp/aveo/an-introduction-to-postcss/feed/index.html]
[lmpixels.com/wp/aveo/wp-json/oembed/1.0/embed76d8.json]
[lmpixels.com/wp/aveo/an-introduction-to-postcss/index.html]
[lmpixels.com/wp/aveo/wp-json/oembed/1.0/embed4a50]
[lmpixels.com/wp/aveo/category/css/index.html]
[lmpixels.com/wp/aveo/wp-json/wp/v2/categories/14.json]
[lmpixels.com/wp/aveo/tag/envato/index.html]
[lmpixels.com/wp/aveo/tag/wordpress/index.html]
[lmpixels.com/wp/aveo/category/css/feed/index.html]
[lmpixels.com/wp/aveo/wp-json/wp/v2/posts/85.json]
[lmpixels.com/wp/aveo/original-and-innovative-web-layouts/feed/index.html]
[lmpixels.com/wp/aveo/wp-json/oembed/1.0/embed732b.json]
[lmpixels.com/wp/aveo/original-and-innovative-web-layouts/index.html]
[lmpixels.com/wp/aveo/wp-json/oembed/1.0/embed2073]
[lmpixels.com/wp/aveo/wp-json/wp/v2/posts/79.json]
[lmpixels.com/wp/aveo/tag/themeforest/index.html]
[lmpixels.com/wp/aveo/creative-and-innovative-navigation-designs/feed/index.html]
[lmpixels.com/wp/aveo/wp-json/oembed/1.0/embed6dac.json]
[lmpixels.com/wp/aveo/creative-and-innovative-navigation-designs/index.html]
[lmpixels.com/wp/aveo/wp-json/oembed/1.0/embed6b90]
[lmpixels.com/wp/aveo/wp-json/wp/v2/posts/106.json]
[lmpixels.com/wp/aveo/front-end-challenge-accepted-css-3d-cube/feed/index.html]
[lmpixels.com/wp/aveo/wp-json/oembed/1.0/embed587f.json]
[lmpixels.com/wp/aveo/front-end-challenge-accepted-css-3d-cube/index.html]
[lmpixels.com/wp/aveo/wp-json/oembed/1.0/embede570]
[lmpixels.com/wp/aveo/wp-json/wp/v2/posts/109.json]
[lmpixels.com/wp/aveo/tag/3d/index.html]
[lmpixels.com/wp/aveo/tag/animation/index.html]
[lmpixels.com/wp/aveo/tag/css/index.html]
[lmpixels.com/wp/aveo/tag/front-end/index.html]
[lmpixels.com/wp/aveo/wp-json/oembed/1.0/embed2913.json]
[lmpixels.com/wp/aveo/navigation-for-mega-sites/feed/index.html]
[lmpixels.com/wp/aveo/navigation-for-mega-sites/index.html]
[lmpixels.com/wp/aveo/blog/index.html]
[lmpixels.com/wp/aveo/wp-json/oembed/1.0/embedc8d3]
[lmpixels.com/wp/aveo/wp-content/mmr/5dfa812a-1608545695.min.css]
[lmpixels.com/wp/aveo/wp-content/plugins/unyson/framework/static/libs/font-awesome/fonts/fontawesome-webfont3e6e.svg]
[lmpixels.com/wp/aveo/index168b.html]
[lmpixels.com/wp/aveo/wp-content/mmr/7ebc2116-1608545695.min.css]
[lmpixels.com/wp/aveo/indexb135.html]
[lmpixels.com/wp/aveo/index3ae9.html]
[lmpixels.com/wp/aveo/tag/menu/index.html]
[lmpixels.com/wp/aveo/wp-json/wp/v2/fw-portfolio/76.json]
[lmpixels.com/wp/aveo/wp-json/oembed/1.0/embedaeba.json]
[lmpixels.com/wp/aveo/wp-json/oembed/1.0/embed6f04]
[lmpixels.com/wp/aveo/project/illustration-project-3/index.html]
[lmpixels.com/wp/aveo/indexe839.html]
[lmpixels.com/wp/aveo/index926f.html]
[lmpixels.com/wp/aveo/wp-content/mmr/0da913f2-1612421363.min.js]
[lmpixels.com/wp/aveo/wp-json/wp/v2/fw-portfolio/74.json]
[lmpixels.com/wp/aveo/wp-json/oembed/1.0/embed3a44.json]
[lmpixels.com/wp/aveo/project/video-project-2/index.html]
[lmpixels.com/wp/aveo/index8cae.html]
[lmpixels.com/wp/aveo/indexc317.html]
[lmpixels.com/wp/aveo/wp-json/oembed/1.0/embed8172]
[lmpixels.com/wp/aveo/wp-json/wp/v2/fw-portfolio/72.json]
[lmpixels.com/wp/aveo/wp-json/oembed/1.0/embedba21.json]
[lmpixels.com/wp/aveo/project/illustration-project-2/index.html]
[lmpixels.com/wp/aveo/wp-json/oembed/1.0/embed8522]
[lmpixels.com/wp/aveo/indexe6f0.html]
[lmpixels.com/wp/aveo/indexda7b.html]
[lmpixels.com/wp/aveo/project/video-project-1/index.html]
[lmpixels.com/wp/aveo/wp-json/wp/v2/users/1.85.delayed]
[lmpixels.com/wp/aveo/author/pro-card/index.html]
[lmpixels.com/wp/aveo/author/pro-card/feed/index.html]
[lmpixels.com/wp/aveo/tag/css3/index.html]
[lmpixels.com/wp/aveo/wp-json/wp/v2/tags/10.json]
[lmpixels.com/wp/aveo/tag/css3/feed/index.html]
[lmpixels.com/wp/aveo/tag/framework/index.html]
[lmpixels.com/wp/aveo/wp-json/wp/v2/tags/20.json]
[lmpixels.com/wp/aveo/tag/framework/feed/index.html]
[lmpixels.com/wp/aveo/tag/html5/index.html]
[lmpixels.com/wp/aveo/wp-json/wp/v2/tags/11.json]
[lmpixels.com/wp/aveo/tag/html5/feed/index.html]
[lmpixels.com/wp/aveo/tag/jquery/index.html]
[lmpixels.com/wp/aveo/2017/09/index.html]
[lmpixels.com/wp/aveo/wp-json/wp/v2/tags/15.json]
[lmpixels.com/wp/aveo/2017/08/index.html]
[lmpixels.com/wp/aveo/2017/07/index.html]
[lmpixels.com/wp/aveo/2017/06/index.html]
[lmpixels.com/wp/aveo/2017/05/index.html]
[lmpixels.com/wp/aveo/tag/jquery/feed/index.html]
[lmpixels.com/wp/aveo/2017/04/index.html]
[lmpixels.com/wp/aveo/2017/03/index.html]
[lmpixels.com/wp/aveo/wp-includes/css/dashicons.min.css]
[lmpixels.com/wp/aveo/wp-includes/css/buttons.min.css]
[lmpixels.com/wp/aveo/wp-admin/css/forms.min.css]
[lmpixels.com/wp/aveo/wp-admin/css/l10n.min.css]
[lmpixels.com/wp/aveo/wp-admin/css/login.min.css]
[lmpixels.com/wp/aveo/wp-loginc2b6.html]
[lmpixels.com/wp/aveo/wp-login.html]
[lmpixels.com/wp/aveo/index5d56.html]
[lmpixels.com/wp/aveo/index3f5a.html]
[lmpixels.com/wp/aveo/indexc28e.html]
[lmpixels.com/wp/aveo/wp-content/mmr/761940c5-1627553433.min.js]
[lmpixels.com/wp/aveo/tag/php5/index.html]
[lmpixels.com/wp/aveo/wp-json/wp/v2/tags/19.json]
[lmpixels.com/wp/aveo/tag/php5/feed/index.html]
[lmpixels.com/wp/aveo/tag/php7/index.html]
[lmpixels.com/wp/aveo/index65d2.html]
[lmpixels.com/wp/aveo/indexb61f.html]
[lmpixels.com/wp/aveo/tag/php7/feed/index.html]
[lmpixels.com/wp/aveo/wp-json/wp/v2/tags/16.json]
[lmpixels.com/wp/aveo/tag/design/index.html]
[lmpixels.com/wp/aveo/wp-json/wp/v2/tags/7.json]
[lmpixels.com/wp/aveo/tag/design/feed/index.html]
[lmpixels.com/wp/aveo/tag/ui/index.html]
[lmpixels.com/wp/aveo/wp-json/wp/v2/tags/8.json]
[lmpixels.com/wp/aveo/tag/ui/feed/index.html]
[lmpixels.com/wp/aveo/tag/ux/index.html]
[lmpixels.com/wp/aveo/index2585.html]
[lmpixels.com/wp/aveo/wp-json/wp/v2/tags/9.json]
[lmpixels.com/wp/aveo/index8ed7.html]
[lmpixels.com/wp/aveo/index7a78.html]
[lmpixels.com/wp/aveo/tag/ux/feed/index.html]
[lmpixels.com/wp/aveo/tag/envato/index.html]
[lmpixels.com/wp/aveo/wp-json/wp/v2/tags/17.json]
[lmpixels.com/wp/aveo/tag/envato/feed/index.html]
[lmpixels.com/wp/aveo/tag/wordpress/index.html]
[lmpixels.com/wp/aveo/index3418.html]
[lmpixels.com/wp/aveo/wp-json/wp/v2/tags/12.json]
[lmpixels.com/wp/aveo/index648c.html]
[lmpixels.com/wp/aveo/index12b6.html]
[lmpixels.com/wp/aveo/tag/wordpress/feed/index.html]
[lmpixels.com/wp/aveo/tag/themeforest/index.html]
[lmpixels.com/wp/aveo/wp-json/wp/v2/tags/13.json]
[lmpixels.com/wp/aveo/index6ffe.html]
[lmpixels.com/wp/aveo/indexb881.html]
[lmpixels.com/wp/aveo/index153d.html]
[lmpixels.com/wp/aveo/index0cd6.html]
[lmpixels.com/wp/aveo/tag/themeforest/feed/index.html]
[lmpixels.com/wp/aveo/tag/3d/index.html]
[lmpixels.com/wp/aveo/wp-json/wp/v2/tags/21.json]
[lmpixels.com/wp/aveo/tag/3d/feed/index.html]
[lmpixels.com/wp/aveo/tag/animation/index.html]
[lmpixels.com/wp/aveo/wp-json/wp/v2/tags/22.json]
[lmpixels.com/wp/aveo/tag/animation/feed/index.html]
[lmpixels.com/wp/aveo/tag/css/index.html]
[lmpixels.com/wp/aveo/wp-json/wp/v2/tags/23.json]
[lmpixels.com/wp/aveo/tag/css/feed/index.html]
[lmpixels.com/wp/aveo/tag/front-end/index.html]
[lmpixels.com/wp/aveo/indexe887.html]
[lmpixels.com/wp/aveo/index73b3.html]
[lmpixels.com/wp/aveo/wp-json/wp/v2/tags/24.json]
[lmpixels.com/wp/aveo/tag/front-end/feed/index.html]
[lmpixels.com/wp/aveo/tag/menu/index.html]
[lmpixels.com/wp/aveo/indexd7e4.html]
[lmpixels.com/wp/aveo/index2148.html]
[lmpixels.com/wp/aveo/wp-json/wp/v2/tags/25.json]
[lmpixels.com/wp/aveo/index36c6.html]
[lmpixels.com/wp/aveo/index04cd.html]
[lmpixels.com/wp/aveo/index73eb.html]
[lmpixels.com/wp/aveo/tag/menu/feed/index.html]
[lmpixels.com/wp/aveo/index2dfb.html]
[lmpixels.com/wp/aveo/index49a5.html]
[lmpixels.com/wp/aveo/indexf39a.html]
[lmpixels.com/wp/aveo/index4932.html]
[lmpixels.com/wp/aveo/indexae74.html]
[lmpixels.com/wp/aveo/index86bb.html]
[lmpixels.com/wp/aveo/wp-json/wp/v2/fw-portfolio/71.json]
[lmpixels.com/wp/aveo/wp-json/oembed/1.0/embedfddb.json]
[lmpixels.com/wp/aveo/project/video-project-1/index.html]
[lmpixels.com/wp/aveo/wp-json/oembed/1.0/embed98d5]
[lmpixels.com/wp/aveo/index823d.html]
[lmpixels.com/wp/aveo/wp-json/wp/v2/users/1.json]
[lmpixels.com/wp/aveo/indexffc9.html]
[lmpixels.com/wp/aveo/project/illustration-project-1/index.html]
[lmpixels.com/wp/aveo/index2cd6.html]
[lmpixels.com/wp/aveo/index529f.html]
[lmpixels.com/wp/aveo/index12a1.html]
[lmpixels.com/wp/aveo/index50c3.html]
[lmpixels.com/wp/aveo/index6248.html]
[lmpixels.com/wp/aveo/indexff42.html]
[lmpixels.com/wp/aveo/indexda72.html]
[lmpixels.com/wp/aveo/index834c.html]
[lmpixels.com/wp/aveo/indexb48f.html]
[lmpixels.com/wp/aveo/index4586.html]
[lmpixels.com/wp/aveo/indexb62b.html]
[lmpixels.com/wp/aveo/wp-includes/fonts/dashicons7d4b.ttf]
[lmpixels.com/wp/aveo/wp-includes/css/dashicons.min.css]
[lmpixels.com/wp/aveo/wp-includes/css/buttons.min.css]
[lmpixels.com/wp/aveo/wp-admin/images/loading.gif]
[lmpixels.com/wp/aveo/wp-admin/css/forms.min.css]
[lmpixels.com/wp/aveo/wp-admin/css/l10n.min.css]
[lmpixels.com/wp/aveo/wp-admin/images/w-logo-blue7a53.png]
[lmpixels.com/wp/aveo/wp-admin/css/login.min.css]
[lmpixels.com/wp/aveo/index8adc.html]
[lmpixels.com/wp/aveo/wp-loginc2b6.html]
[lmpixels.com/wp/aveo/indexef9a.html]
[lmpixels.com/wp/aveo/wp-admin/images/wordpress-logo7d6b.svg]
[lmpixels.com/wp/aveo/indexbdb3.html]
[lmpixels.com/wp/aveo/indexf771.html]
[lmpixels.com/wp/aveo/index5afb.html]
[lmpixels.com/wp/aveo/index406d.html]
[lmpixels.com/wp/aveo/indexa5a1.html]
[lmpixels.com/wp/aveo/index8ad7.html]
[lmpixels.com/wp/aveo/index76b3.html]
[lmpixels.com/wp/aveo/index4531.html]
[lmpixels.com/wp/aveo/index7615.html]
[lmpixels.com/wp/aveo/indexa6df.html]
[lmpixels.com/wp/aveo/index568a.html]
[lmpixels.com/wp/aveo/index0eb9.html]
[lmpixels.com/wp/aveo/index24c3.html]
[lmpixels.com/wp/aveo/indexe81d.html]
[lmpixels.com/wp/aveo/index9ebf.html]
[lmpixels.com/wp/aveo/index9b89.html]
[lmpixels.com/wp/aveo/index7ea5.html]
[lmpixels.com/wp/aveo/index6bda.html]
[lmpixels.com/wp/aveo/index5f05.html]
[lmpixels.com/wp/aveo/index4b6a.html]
[lmpixels.com/wp/aveo/index7921.html]
[lmpixels.com/wp/aveo/indexd06d.html]
[lmpixels.com/wp/aveo/indexe5d2.html]
[lmpixels.com/wp/aveo/index1ff9.html]
[lmpixels.com/wp/aveo/index93b9.html]
[lmpixels.com/wp/aveo/index16e4.html]
[lmpixels.com/wp/aveo/index5eb2.html]
[lmpixels.com/wp/aveo/index8456.html]
[lmpixels.com/wp/aveo/index85bc.html]
[lmpixels.com/wp/aveo/index6cf3.html]
[lmpixels.com/wp/aveo/index5fbd.html]
[lmpixels.com/wp/aveo/wp-json/wp/v2/fw-portfolio/70.json]
[lmpixels.com/wp/aveo/wp-json/oembed/1.0/embedcb9b.json]
[lmpixels.com/wp/aveo/wp-json/oembed/1.0/embed9432]
[lmpixels.com/wp/aveo/wp-content/uploads/2017/10/8.jpg]
[lmpixels.com/wp/aveo/project/illustration-project-1/index.html]
[lmpixels.com/wp/aveo/index267f.html]
[lmpixels.com/wp/aveo/indexa037.html]
[lmpixels.com/wp/aveo/indexb290.html]
[lmpixels.com/wp/aveo/project/portfolio-project-1/index.html]
[lmpixels.com/wp/aveo/index9d24.html]
[lmpixels.com/wp/aveo/index19e3.html]
[lmpixels.com/wp/aveo/index43f4.html]
[lmpixels.com/wp/aveo/index172a.html]
[lmpixels.com/wp/aveo/indexb6d1.html]
[lmpixels.com/wp/aveo/index8e99.html]
[lmpixels.com/wp/aveo/indexfd63.html]
[lmpixels.com/wp/aveo/index2ee4.html]
[lmpixels.com/wp/aveo/index42fb.html]
[lmpixels.com/wp/aveo/index8ff3.html]
[lmpixels.com/wp/aveo/wp-admin/images/wordpress-logo7d6b.svg]
[lmpixels.com/wp/aveo/indexac60.html]
[lmpixels.com/wp/aveo/indexf946.html]
[lmpixels.com/wp/aveo/index54f1.html]
[lmpixels.com/wp/aveo/index65be.html]
[lmpixels.com/wp/aveo/indexbd1d.html]
[lmpixels.com/wp/aveo/index44ee.html]
[lmpixels.com/wp/aveo/indexc5a9.html]
[lmpixels.com/wp/aveo/index923d.html]
[lmpixels.com/wp/aveo/index6790.html]
[lmpixels.com/wp/aveo/indexe0ba.html]
[lmpixels.com/wp/aveo/index83ea.html]
[lmpixels.com/wp/aveo/index5fc2.html]
[lmpixels.com/wp/aveo/index6083.html]
[lmpixels.com/wp/aveo/indexda07.html]
[lmpixels.com/wp/aveo/index1f4a.html]
[lmpixels.com/wp/aveo/indexc69a.html]
[lmpixels.com/wp/aveo/indexa0ef.html]
[lmpixels.com/wp/aveo/indexbf2d.html]
[lmpixels.com/wp/aveo/indexb11e.html]
[lmpixels.com/wp/aveo/index87b8.html]
[lmpixels.com/wp/aveo/indexfa53.html]
[lmpixels.com/wp/aveo/index1ed0.html]
[lmpixels.com/wp/aveo/index60f8.html]
[lmpixels.com/wp/aveo/indexc9c9.html]
[lmpixels.com/wp/aveo/index7763.html]
[lmpixels.com/wp/aveo/indexdb38.html]
[lmpixels.com/wp/aveo/index0961.html]
[lmpixels.com/wp/aveo/index7c95.html]
[lmpixels.com/wp/aveo/indexb112.html]
[lmpixels.com/wp/aveo/index1e05.html]
[lmpixels.com/wp/aveo/index3f3a.html]
[lmpixels.com/wp/aveo/indexa85a.html]
[lmpixels.com/wp/aveo/wp-json/wp/v2/fw-portfolio/45.json]
[lmpixels.com/wp/aveo/wp-json/oembed/1.0/embed082b.json]
[lmpixels.com/wp/aveo/project/portfolio-project-1/index.html]
[lmpixels.com/wp/aveo/index052d.html]
[lmpixels.com/wp/aveo/index9d6c.html]
[lmpixels.com/wp/aveo/index3f13.html]
[lmpixels.com/wp/aveo/index8a40.html]
[lmpixels.com/wp/aveo/index2358.html]
[lmpixels.com/wp/aveo/index46c6.html]
[lmpixels.com/wp/aveo/indexb0f4.html]
[lmpixels.com/wp/aveo/index2481.html]
[lmpixels.com/wp/aveo/indexe7b8.html]
[lmpixels.com/wp/aveo/indexefa8.html]
[lmpixels.com/wp/aveo/indexc32b.html]
[lmpixels.com/wp/aveo/indexb8fb.html]
[lmpixels.com/wp/aveo/index1ae5.html]
[lmpixels.com/wp/aveo/index7bff.html]
[lmpixels.com/wp/aveo/index7493.html]
[lmpixels.com/wp/aveo/index3132.html]
[lmpixels.com/wp/aveo/index5871.html]
[lmpixels.com/wp/aveo/indexb238.html]
[lmpixels.com/wp/aveo/indexa900.html]
[lmpixels.com/wp/aveo/index6b5a.html]
[lmpixels.com/wp/aveo/indexcafa.html]
[lmpixels.com/wp/aveo/index3f78.html]
[lmpixels.com/wp/aveo/index8942.html]
[lmpixels.com/wp/aveo/indexfa74.html]
[lmpixels.com/wp/aveo/indexfdbd.html]
[lmpixels.com/wp/aveo/index7bac.html]
[lmpixels.com/wp/aveo/indexdf56.html]
[lmpixels.com/wp/aveo/index03e3.html]
[lmpixels.com/wp/aveo/indexa119.html]
[lmpixels.com/wp/aveo/wp-json/oembed/1.0/embed5910]
[lmpixels.com/wp/aveo/index5e74.html]
[lmpixels.com/wp/aveo/index6f6a.html]
[lmpixels.com/wp/aveo/indexc2c3.html]
[lmpixels.com/wp/aveo/indexdce6.html]
[lmpixels.com/wp/aveo/index18be.html]
[lmpixels.com/wp/aveo/index3409.html]
